<html>
<body>
<pre>
<h1>µVision Build Log</h1>
<h2>Tool Versions:</h2>
IDE-Version: ¦ÌVision V5.18.0.0
Copyright (C) 2016 ARM Ltd and ARM Germany GmbH. All rights reserved.
License Information: song Microsoft, Microsoft, LIC=----
 
Tool Versions:
Toolchain:       MDK-Lite  Version: 5.18
Toolchain Path:  d:\Keil_v5\ARM\ARMCC\Bin
C Compiler:      Armcc.exe V5.06 update 1 (build 61)
Assembler:       Armasm.exe V5.06 update 1 (build 61)
Linker/Locator:  ArmLink.exe V5.06 update 1 (build 61)
Library Manager: ArmAr.exe V5.06 update 1 (build 61)
Hex Converter:   FromElf.exe V5.06 update 1 (build 61)
CPU DLL:         SARMCM3.DLL V5.18
Dialog DLL:      DARMSTM.DLL V1.65.0.0
Target DLL:      STLink\ST-LINKIII-KEIL_SWO.dll V2.0.18.0
Dialog DLL:      TARMSTM.DLL V1.64.0.0
 
<h2>Project:</h2>
E:\networking\simple-node\USER\LED.uvproj
Project File Date:  05/04/2016

<h2>Output:</h2>
*** Using Compiler 'V5.06 update 1 (build 61)', folder: 'd:\Keil_v5\ARM\ARMCC\Bin'
Rebuild target 'Target 1'
compiling stm32f10x_it.c...
compiling main.c...
rt.h(51): warning:  #1295-D: Deprecated declaration rt_init - give arg types
  void rt_init();
rt.h(64): warning:  #1295-D: Deprecated declaration _send_pingreq - give arg types
  unsigned short _send_pingreq();
rt.h(65): warning:  #1295-D: Deprecated declaration _recieve_pingreq - give arg types
  void _recieve_pingreq();
rt.h(68): warning:  #1295-D: Deprecated declaration USART_rec - give arg types
  int USART_rec();
rt.h(69): warning:  #1295-D: Deprecated declaration recv_process_outside - give arg types
  int recv_process_outside();
main.c(13): warning:  #161-D: unrecognized #pragma
  #pragma comment(lib,"ws2_32.lib")
main.c: 6 warnings, 0 errors
compiling system_stm32f10x.c...
compiling test.c...
compiling malloc.c...
compiling rt.c...
rt.h(51): warning:  #1295-D: Deprecated declaration rt_init - give arg types
  void rt_init();
rt.h(64): warning:  #1295-D: Deprecated declaration _send_pingreq - give arg types
  unsigned short _send_pingreq();
rt.h(65): warning:  #1295-D: Deprecated declaration _recieve_pingreq - give arg types
  void _recieve_pingreq();
rt.h(68): warning:  #1295-D: Deprecated declaration USART_rec - give arg types
  int USART_rec();
rt.h(69): warning:  #1295-D: Deprecated declaration recv_process_outside - give arg types
  int recv_process_outside();
rt.c(49): warning:  #940-D: missing return statement at end of non-void function "send_my_rt"
  }
rt.c(14): warning:  #550-D: variable "my_child_rt_num" was set but never used
  	int my_child_rt_num ;
rt.c(75): warning:  #940-D: missing return statement at end of non-void function "read_my_child_rt"
  }
rt.c(165): warning:  #940-D: missing return statement at end of non-void function "build_my_child_rt"
  }
rt.c(202): warning:  #940-D: missing return statement at end of non-void function "preordertraverse"
  }
rt.c: 10 warnings, 0 errors
compiling recv_pro.c...
rt.h(51): warning:  #1295-D: Deprecated declaration rt_init - give arg types
  void rt_init();
rt.h(64): warning:  #1295-D: Deprecated declaration _send_pingreq - give arg types
  unsigned short _send_pingreq();
rt.h(65): warning:  #1295-D: Deprecated declaration _recieve_pingreq - give arg types
  void _recieve_pingreq();
rt.h(68): warning:  #1295-D: Deprecated declaration USART_rec - give arg types
  int USART_rec();
rt.h(69): warning:  #1295-D: Deprecated declaration recv_process_outside - give arg types
  int recv_process_outside();
recv_pro.c(51): warning:  #226-D: invalid format string conversion
  	printf("message %S\n",message);
recv_pro.c(45): warning:  #177-D: variable "next_token1" was declared but never referenced
  	char *next_token1 = NULL;
recv_pro.c(231): warning:  #1-D: last line of file ends without a newline
  }
recv_pro.c: 8 warnings, 0 errors
compiling delay.c...
compiling led.c...
compiling message_struct.c...
compiling usart.c...
compiling sys.c...
assembling startup_stm32f10x_hd.s...
compiling stm32f10x_gpio.c...
compiling core_cm3.c...
compiling stm32f10x_usart.c...
compiling stm32f10x_rcc.c...
compiling misc.c...
linking...
Program Size: Code=9080 RO-data=608 RW-data=148 ZI-data=211196  
FromELF: creating hex file...
"..\OBJ\LED.axf" - 0 Error(s), 24 Warning(s).
Build Time Elapsed:  00:00:05
</pre>
</body>
</html>
